// Jest Snapshot v1, https://goo.gl/fbAQLP

exports[`App component matches snapshot 1`] = `
[
  <h1>
    LJAS Asset Test
  </h1>,
  <p
    id="intro"
  >
    This project tests that 
    <strong>
      Lean JS App Starter
    </strong>
     can properly load various different assets for a frontend.
  </p>,
  <div>
    <h2>
      SVG Test
    </h2>
    <img
      alt="React Logo"
      className="react-logo"
      src="test-file-stub"
    />
  </div>,
  <hr />,
  <div>
    <h2>
      PNG Test
    </h2>
    <img
      alt="webpack Logo"
      className="webpack-logo"
      src="test-file-stub"
    />
  </div>,
  <hr />,
  <div
    className="font-test"
  >
    <h2>
      Font Test
    </h2>
    <p>
      Lorem ipsum dolor sit amet, consectetur adipiscing elit. Sed ac justo id dolor molestie pellentesque. Morbi odio nisi, cursus id turpis in, sollicitudin varius urna. Mauris at arcu sit amet quam dignissim tempor non vel lectus. Curabitur convallis orci diam, eu sagittis elit suscipit ut. Phasellus sit amet elit non risus viverra luctus sit amet sed tortor. Maecenas id ultricies justo, eget convallis ex. Pellentesque dapibus dui id facilisis semper.
    </p>
    <p>
      Quisque purus purus, ultrices vel elit nec, pharetra feugiat tortor. Fusce molestie mollis mauris, vitae feugiat sapien suscipit non. Donec pharetra, risus in porttitor consectetur, sapien lectus ultrices massa, quis iaculis tellus justo sit amet est. Morbi volutpat enim et nulla maximus posuere. Phasellus nibh nisi, volutpat sit amet arcu quis, dignissim ultricies leo. Phasellus egestas auctor ante, sed venenatis ligula varius ac. Mauris a finibus sapien, vitae imperdiet nunc. Vestibulum ut enim lacus. Aliquam erat volutpat. Nam purus nisi, sagittis a metus id, pellentesque finibus velit. Etiam efficitur, nunc a lobortis ultrices, turpis enim rhoncus nulla, id rutrum lorem neque non mauris. Sed ut lacinia dui.
    </p>
    <p>
      Sed sagittis odio libero, a rutrum ex tristique eu. Vestibulum eget felis non nulla fermentum pulvinar. Sed ac auctor massa. Integer finibus, nibh eu fringilla vehicula, nisl erat interdum est, in consectetur eros arcu vel metus. Phasellus a velit eget mi suscipit luctus. Morbi venenatis eleifend egestas. Morbi in placerat est, et vulputate ligula. Nulla ullamcorper tincidunt purus non suscipit.
    </p>
  </div>,
  <footer
    id="footer-text"
  >
    <p>
      Learn about the tech stack used for this project and more at its
       
      <a
        className="text-muted"
        href="https://github.com/mattlean/lean-js-app-starter/tree/v1.0.0-dev/examples/asset-test"
      >
        GitHub repo
      </a>
      .
    </p>
    <p>
      Built with
       
      <a
        href="https://github.com/mattlean/lean-js-app-starter"
      >
        Lean JS App Starter
      </a>
      .
    </p>
  </footer>,
]
`;
