// Jest Snapshot v1, https://goo.gl/fbAQLP

exports[`HelloWorld component matches snapshot 1`] = `
<div>
  Hello World
</div>
`;
