// Jest Snapshot v1, https://goo.gl/fbAQLP

exports[`Todo renders properly 1`] = `
<li
  style={
    {
      "textDecoration": "none",
    }
  }
/>
`;
